// Jest Snapshot v1, https://goo.gl/fbAQLP

exports[`concatSig should concatenate an all-zero extended ECDSA signature 1`] = `"0x000000000000000000000000000000000000000000000000000000000000000000000000000000000000000000000000000000000000000000000000000000000"`;

exports[`concatSig should concatenate an extended ECDSA signature 1`] = `"0x000000000000000000000000000000000000000000000000000000000000000000000000000000000000000000000000000000000000000000000000000000000"`;

exports[`concatSig should encode an impossibly large extended ECDSA signature 1`] = `"0x000000000000000000000000000000000000000000000000001fffffffffffff000000000000000000000000000000000000000000000000001fffffffffffff1fffffffffffff"`;
